********************************************************************************
*** Pegasus DRC SUMMARY
***
Execute on Date/Time    : Thu Dec 12 22:02:24 2024
Pegasus VERSION         : 23.10-p015 Thu Aug 3 18:11:32 PDT 2023
Rule Deck Path          : /tools/commercial/skywater/sky130_cds/PDK/sky130_release_0.0.4/Sky130_DRC/sky130_rev_0.0_1.0.drc.pvl
Rule Deck Title         :
Layout System           : GDSII
Layout Path             : /bwrcq/C/rohankumar/substrate2/tools/pegasus/examples/gds/test_col_peripherals.gds
Current Directory       : /bwrcq/C/rohankumar/substrate2/tools/pegasus/build/test_run_drc
User Name               : rohankum
Maximum Results         : 1000
Maximum Result Vertices : 4096
Layout Depth            : ALL
Text Depth              : 0
Summary File            : /bwrcq/C/rohankumar/substrate2/tools/pegasus/build/test_run_drc/drc.summary
Geometry Flagging       : ACUTE = NO  ANGLED = NO  SKEW = NO  OFFGRID = NO
                          NONSIMPLE POLYGON = NO  NONSIMPLE PATH = NO
Keep Empty Checks       : YES
Excluded Cells          : 
Layout Primary Cell     : col_peripherals
ASCII DRC Error Report  : /bwrcq/C/rohankumar/substrate2/tools/pegasus/build/test_run_drc/drc.results
DRC Results Database    :
--------------------------------------------------------------------------------
--- RUNNING TIME WARNINGS
---
--------------------------------------------------------------------------------
--- ORIGINAL LAYER STATISTICS
---
LAYER diff ................................. Total Original Geometry:        121 (      4754)
LAYER tap .................................. Total Original Geometry:         17 (       489)
LAYER nwell ................................ Total Original Geometry:         34 (      1424)
LAYER dnwell ............................... Total Original Geometry:          0 (         0)
LAYER pwbm ................................. Total Original Geometry:          0 (         0)
LAYER pwde ................................. Total Original Geometry:          0 (         0)
LAYER hvtr ................................. Total Original Geometry:          0 (         0)
LAYER hvtp ................................. Total Original Geometry:          0 (         0)
LAYER hvi .................................. Total Original Geometry:          0 (         0)
LAYER tunm ................................. Total Original Geometry:          0 (         0)
LAYER lvtn ................................. Total Original Geometry:          0 (         0)
LAYER poly ................................. Total Original Geometry:        116 (      3908)
LAYER hvntm ................................ Total Original Geometry:          0 (         0)
LAYER nsdm ................................. Total Original Geometry:         44 (      1354)
LAYER psdm ................................. Total Original Geometry:         44 (      1971)
LAYER rpm .................................. Total Original Geometry:          0 (         0)
LAYER npc .................................. Total Original Geometry:         97 (      3300)
LAYER licon1 ............................... Total Original Geometry:        993 (     32060)
LAYER li1 .................................. Total Original Geometry:        506 (     17471)
LAYER mcon ................................. Total Original Geometry:        484 (     14154)
LAYER met1 ................................. Total Original Geometry:        439 (     15724)
LAYER via .................................. Total Original Geometry:        166 (      5428)
LAYER met2 ................................. Total Original Geometry:        335 (     10539)
LAYER via2 ................................. Total Original Geometry:         39 (      1266)
LAYER met3 ................................. Total Original Geometry:         43 (      1325)
LAYER via3 ................................. Total Original Geometry:          0 (         0)
LAYER met4 ................................. Total Original Geometry:          0 (         0)
LAYER via4 ................................. Total Original Geometry:          0 (         0)
LAYER met5 ................................. Total Original Geometry:          0 (         0)
LAYER pad .................................. Total Original Geometry:          0 (         0)
LAYER nsm .................................. Total Original Geometry:          0 (         0)
LAYER vhvi ................................. Total Original Geometry:          0 (         0)
LAYER uhvi ................................. Total Original Geometry:          0 (         0)
LAYER capacitor_in ......................... Total Original Geometry:          0 (         0)
LAYER pnp .................................. Total Original Geometry:          0 (         0)
LAYER ncm .................................. Total Original Geometry:          0 (         0)
LAYER areaid.ce ............................ Total Original Geometry:          0 (         0)
LAYER areaid.sc ............................ Total Original Geometry:          1 (        32)
LAYER areaid.mt ............................ Total Original Geometry:          0 (         0)
LAYER areaid.cd ............................ Total Original Geometry:          0 (         0)
LAYER areaid.st ............................ Total Original Geometry:          0 (         0)
LAYER areaid.en ............................ Total Original Geometry:          0 (         0)
LAYER areaid.hl ............................ Total Original Geometry:          0 (         0)
LAYER diff_res ............................. Total Original Geometry:          0 (         0)
LAYER pwell_res ............................ Total Original Geometry:          0 (         0)
LAYER met4_fuse ............................ Total Original Geometry:          0 (         0)
--------------------------------------------------------------------------------
--- WARNINGS FROM FLAG STATEMENT
---
Cell name parameter "*_tech_CD_top" for inside_cell [-not] operation not located.

Cell name parameter "s8rf2_xcmvpp_hd5_*" for inside_cell [-not] operation not located.

Cell name parameter "s8cell_ee_plus_sseln_a" for inside_cell [-not] operation not located.

Cell name parameter "s8cell_ee_plus_sseln_b" for inside_cell [-not] operation not located.

Cell name parameter "s8cell_ee_plus_sselp_a" for inside_cell [-not] operation not located.

Cell name parameter "s8cell_ee_plus_sselp_b" for inside_cell [-not] operation not located.

Cell name parameter "s8fpls_pl8" for inside_cell [-not] operation not located.

Cell name parameter "s8fs_cmux4_fm" for inside_cell [-not] operation not located.

--------------------------------------------------------------------------------
--- RULECHECK RESULTS STATISTICS
---
RULECHECK ct.1 ......................................... Total Result          0 (         0)
RULECHECK ct.2 ......................................... Total Result          0 (         0)
RULECHECK denmos.1 ..................................... Total Result          0 (         0)
RULECHECK denmos.10 .................................... Total Result          0 (         0)
RULECHECK denmos.11 .................................... Total Result          0 (         0)
RULECHECK denmos.12 .................................... Total Result          0 (         0)
RULECHECK denmos.13 .................................... Total Result          0 (         0)
RULECHECK denmos.2 ..................................... Total Result          0 (         0)
RULECHECK denmos.3 ..................................... Total Result          0 (         0)
RULECHECK denmos.4 ..................................... Total Result          0 (         0)
RULECHECK denmos.5 ..................................... Total Result          0 (         0)
RULECHECK denmos.6 ..................................... Total Result          0 (         0)
RULECHECK denmos.7 ..................................... Total Result          0 (         0)
RULECHECK denmos.8 ..................................... Total Result          0 (         0)
RULECHECK depmos.1 ..................................... Total Result          0 (         0)
RULECHECK depmos.10 .................................... Total Result          0 (         0)
RULECHECK depmos.11 .................................... Total Result          0 (         0)
RULECHECK depmos.12 .................................... Total Result          0 (         0)
RULECHECK depmos.2 ..................................... Total Result          0 (         0)
RULECHECK depmos.3 ..................................... Total Result          0 (         0)
RULECHECK depmos.4 ..................................... Total Result          0 (         0)
RULECHECK depmos.5 ..................................... Total Result          0 (         0)
RULECHECK depmos.6 ..................................... Total Result          0 (         0)
RULECHECK depmos.7 ..................................... Total Result          0 (         0)
RULECHECK depmos.8 ..................................... Total Result          0 (         0)
RULECHECK difftap.1 .................................... Total Result          0 (         0)
RULECHECK difftap.10 ................................... Total Result          0 (         0)
RULECHECK difftap.11 ................................... Total Result          0 (         0)
RULECHECK difftap.2 .................................... Total Result          0 (         0)
RULECHECK difftap.2b ................................... Total Result          0 (         0)
RULECHECK difftap.3 .................................... Total Result          0 (         0)
RULECHECK difftap.4 .................................... Total Result          0 (         0)
RULECHECK difftap.5 .................................... Total Result          0 (         0)
RULECHECK difftap.6 .................................... Total Result          0 (         0)
RULECHECK difftap.7 .................................... Total Result          0 (         0)
RULECHECK difftap.8 .................................... Total Result          0 (         0)
RULECHECK difftap.9 .................................... Total Result          0 (         0)
RULECHECK dnwell.2 ..................................... Total Result          0 (         0)
RULECHECK dnwell.3 ..................................... Total Result          0 (         0)
RULECHECK dnwell.4 ..................................... Total Result          0 (         0)
RULECHECK dnwell.5 ..................................... Total Result          0 (         0)
RULECHECK dnwell.7 ..................................... Total Result          0 (         0)
RULECHECK hvdifftap.14 ................................. Total Result          0 (         0)
RULECHECK hvdifftap.14a ................................ Total Result          0 (         0)
RULECHECK hvdifftap.15a ................................ Total Result          0 (         0)
RULECHECK hvdifftap.15b ................................ Total Result          0 (         0)
RULECHECK hvdifftap.16 ................................. Total Result          0 (         0)
RULECHECK hvdifftap.17 ................................. Total Result          0 (         0)
RULECHECK hvdifftap.18 ................................. Total Result          0 (         0)
RULECHECK hvdifftap.19 ................................. Total Result          0 (         0)
RULECHECK hvdifftap.20 ................................. Total Result          0 (         0)
RULECHECK hvdifftap.21 ................................. Total Result          0 (         0)
RULECHECK hvdifftap.22 ................................. Total Result          0 (         0)
RULECHECK hvdifftap.23 ................................. Total Result          0 (         0)
RULECHECK hvdifftap.24 ................................. Total Result          0 (         0)
RULECHECK hvdifftap.25 ................................. Total Result          0 (         0)
RULECHECK hvi.1 ........................................ Total Result          0 (         0)
RULECHECK hvi.2a ....................................... Total Result          0 (         0)
RULECHECK hvi.4 ........................................ Total Result          0 (         0)
RULECHECK hvi.5 ........................................ Total Result          0 (         0)
RULECHECK hvntm.1 ...................................... Total Result          0 (         0)
RULECHECK hvntm.10 ..................................... Total Result          0 (         0)
RULECHECK hvntm.2 ...................................... Total Result          0 (         0)
RULECHECK hvntm.3 ...................................... Total Result          0 (         0)
RULECHECK hvntm.4 ...................................... Total Result          0 (         0)
RULECHECK hvntm.5 ...................................... Total Result          0 (         0)
RULECHECK hvntm.6a ..................................... Total Result          0 (         0)
RULECHECK hvntm.6b ..................................... Total Result          0 (         0)
RULECHECK hvntm.9 ...................................... Total Result          0 (         0)
RULECHECK hvnwell.8 .................................... Total Result          1 (         1)
RULECHECK hvpoly.13 .................................... Total Result          0 (         0)
RULECHECK hvpoly.14 .................................... Total Result          0 (         0)
RULECHECK hvtp.1 ....................................... Total Result          0 (         0)
RULECHECK hvtp.2 ....................................... Total Result          0 (         0)
RULECHECK hvtp.3 ....................................... Total Result          0 (         0)
RULECHECK hvtp.4 ....................................... Total Result          0 (         0)
RULECHECK hvtp.5 ....................................... Total Result          0 (         0)
RULECHECK hvtp.6 ....................................... Total Result          0 (         0)
RULECHECK hvtr.1 ....................................... Total Result          0 (         0)
RULECHECK hvtr.2 ....................................... Total Result          0 (         0)
RULECHECK hvtr.3 ....................................... Total Result          0 (         0)
RULECHECK li.1 ......................................... Total Result          0 (         0)
RULECHECK li.1a ........................................ Total Result          0 (         0)
RULECHECK li.3 ......................................... Total Result          0 (         0)
RULECHECK li.3a ........................................ Total Result          0 (         0)
RULECHECK li.5 ......................................... Total Result          0 (         0)
RULECHECK li.6 ......................................... Total Result          0 (         0)
RULECHECK licon.1 ...................................... Total Result          0 (         0)
RULECHECK licon.11 ..................................... Total Result          0 (         0)
RULECHECK licon.11a .................................... Total Result          0 (         0)
RULECHECK licon.12 ..................................... Total Result          8 (       256)
RULECHECK licon.13 ..................................... Total Result          0 (         0)
RULECHECK licon.14 ..................................... Total Result          0 (         0)
RULECHECK licon.15 ..................................... Total Result          0 (         0)
RULECHECK licon.16 ..................................... Total Result          0 (         0)
RULECHECK licon.17 ..................................... Total Result          0 (         0)
RULECHECK licon.18 ..................................... Total Result          0 (         0)
RULECHECK licon.2 ...................................... Total Result          0 (         0)
RULECHECK licon.4 ...................................... Total Result          0 (         0)
RULECHECK licon.5a ..................................... Total Result          0 (         0)
RULECHECK licon.5b ..................................... Total Result          0 (         0)
RULECHECK licon.5c ..................................... Total Result          0 (         0)
RULECHECK licon.6 ...................................... Total Result          0 (         0)
RULECHECK licon.7 ...................................... Total Result          0 (         0)
RULECHECK licon.8 ...................................... Total Result          0 (         0)
RULECHECK licon.8a ..................................... Total Result          0 (         0)
RULECHECK licon.9 ...................................... Total Result          0 (         0)
RULECHECK lvtn.10 ...................................... Total Result          0 (         0)
RULECHECK lvtn.12 ...................................... Total Result          0 (         0)
RULECHECK lvtn.13 ...................................... Total Result          0 (         0)
RULECHECK lvtn.14 ...................................... Total Result          0 (         0)
RULECHECK lvtn.1a ...................................... Total Result          0 (         0)
RULECHECK lvtn.2 ....................................... Total Result          0 (         0)
RULECHECK lvtn.3a ...................................... Total Result          0 (         0)
RULECHECK lvtn.3b ...................................... Total Result          0 (         0)
RULECHECK lvtn.4b ...................................... Total Result          0 (         0)
RULECHECK lvtn.9 ....................................... Total Result          0 (         0)
RULECHECK m1.1 ......................................... Total Result          0 (         0)
RULECHECK m1.2 ......................................... Total Result          0 (         0)
RULECHECK m1.3b ........................................ Total Result          0 (         0)
RULECHECK m1.4 ......................................... Total Result          0 (         0)
RULECHECK m1.4a ........................................ Total Result          0 (         0)
RULECHECK m1.5 ......................................... Total Result          0 (         0)
RULECHECK m1.6 ......................................... Total Result          0 (         0)
RULECHECK m1.7 ......................................... Total Result          0 (         0)
RULECHECK m2.1 ......................................... Total Result          0 (         0)
RULECHECK m2.2 ......................................... Total Result          0 (         0)
RULECHECK m2.3b ........................................ Total Result          0 (         0)
RULECHECK m2.4 ......................................... Total Result          0 (         0)
RULECHECK m2.5 ......................................... Total Result          0 (         0)
RULECHECK m2.6 ......................................... Total Result          0 (         0)
RULECHECK m2.7 ......................................... Total Result          0 (         0)
RULECHECK m3.1 ......................................... Total Result          0 (         0)
RULECHECK m3.2 ......................................... Total Result          0 (         0)
RULECHECK m3.3d ........................................ Total Result          0 (         0)
RULECHECK m3.4 ......................................... Total Result          0 (         0)
RULECHECK m3.6 ......................................... Total Result          0 (         0)
RULECHECK m4.1 ......................................... Total Result          0 (         0)
RULECHECK m4.2 ......................................... Total Result          0 (         0)
RULECHECK m4.3 ......................................... Total Result          0 (         0)
RULECHECK m4.4a ........................................ Total Result          0 (         0)
RULECHECK m4.5b ........................................ Total Result          0 (         0)
RULECHECK m5.1 ......................................... Total Result          0 (         0)
RULECHECK m5.2 ......................................... Total Result          0 (         0)
RULECHECK m5.3 ......................................... Total Result          0 (         0)
RULECHECK m5.4 ......................................... Total Result          0 (         0)
RULECHECK mf.1 ......................................... Total Result          0 (         0)
RULECHECK mf.10 ........................................ Total Result          0 (         0)
RULECHECK mf.11 ........................................ Total Result          0 (         0)
RULECHECK mf.12 ........................................ Total Result          0 (         0)
RULECHECK mf.13 ........................................ Total Result          0 (         0)
RULECHECK mf.14 ........................................ Total Result          0 (         0)
RULECHECK mf.18 ........................................ Total Result          0 (         0)
RULECHECK mf.19 ........................................ Total Result          0 (         0)
RULECHECK mf.2 ......................................... Total Result          0 (         0)
RULECHECK mf.21 ........................................ Total Result          0 (         0)
RULECHECK mf.22 ........................................ Total Result          0 (         0)
RULECHECK mf.24 ........................................ Total Result          0 (         0)
RULECHECK mf.3 ......................................... Total Result          0 (         0)
RULECHECK mf.4 ......................................... Total Result          0 (         0)
RULECHECK mf.5 ......................................... Total Result          0 (         0)
RULECHECK mf.6 ......................................... Total Result          0 (         0)
RULECHECK mf.7 ......................................... Total Result          0 (         0)
RULECHECK mf.8 ......................................... Total Result          0 (         0)
RULECHECK mf.9 ......................................... Total Result          0 (         0)
RULECHECK ncm.1 ........................................ Total Result          0 (         0)
RULECHECK ncm.2a ....................................... Total Result          0 (         0)
RULECHECK ncm.3 ........................................ Total Result          0 (         0)
RULECHECK ncm.4 ........................................ Total Result          0 (         0)
RULECHECK ncm.5 ........................................ Total Result          0 (         0)
RULECHECK ncm.6 ........................................ Total Result          0 (         0)
RULECHECK ncm.7 ........................................ Total Result          0 (         0)
RULECHECK ncm.8 ........................................ Total Result          0 (         0)
RULECHECK npc.1 ........................................ Total Result          0 (         0)
RULECHECK npc.2 ........................................ Total Result          0 (         0)
RULECHECK npc.4 ........................................ Total Result          0 (         0)
RULECHECK nsm.1 ........................................ Total Result          0 (         0)
RULECHECK nsm.2 ........................................ Total Result          0 (         0)
RULECHECK nwell.1 ...................................... Total Result          0 (         0)
RULECHECK nwell.2ab .................................... Total Result          0 (         0)
RULECHECK nwell.4 ...................................... Total Result          0 (         0)
RULECHECK nwell.5 ...................................... Total Result          0 (         0)
RULECHECK nwell.6 ...................................... Total Result          0 (         0)
RULECHECK pad.2 ........................................ Total Result          0 (         0)
RULECHECK pad.3 ........................................ Total Result          0 (         0)
RULECHECK poly.10 ...................................... Total Result          0 (         0)
RULECHECK poly.11 ...................................... Total Result          0 (         0)
RULECHECK poly.12 ...................................... Total Result          0 (         0)
RULECHECK poly.15 ...................................... Total Result          0 (         0)
RULECHECK poly.1a ...................................... Total Result          0 (         0)
RULECHECK poly.1b ...................................... Total Result          0 (         0)
RULECHECK poly.2 ....................................... Total Result          0 (         0)
RULECHECK poly.4 ....................................... Total Result          0 (         0)
RULECHECK poly.5 ....................................... Total Result          0 (         0)
RULECHECK poly.6 ....................................... Total Result          0 (         0)
RULECHECK poly.7 ....................................... Total Result          0 (         0)
RULECHECK poly.8 ....................................... Total Result          0 (         0)
RULECHECK psd.1 ........................................ Total Result          0 (         0)
RULECHECK psd.10a ...................................... Total Result          0 (         0)
RULECHECK psd.10b ...................................... Total Result          0 (         0)
RULECHECK psd.11 ....................................... Total Result          0 (         0)
RULECHECK psd.2 ........................................ Total Result          0 (         0)
RULECHECK psd.5a ....................................... Total Result          0 (         0)
RULECHECK psd.5b ....................................... Total Result          0 (         0)
RULECHECK psd.6 ........................................ Total Result          0 (         0)
RULECHECK psd.7 ........................................ Total Result          0 (         0)
RULECHECK psd.9 ........................................ Total Result          0 (         0)
RULECHECK pwres.3 ...................................... Total Result          0 (         0)
RULECHECK pwres.5 ...................................... Total Result          0 (         0)
RULECHECK pwres.6 ...................................... Total Result          0 (         0)
RULECHECK pwres.7a ..................................... Total Result          0 (         0)
RULECHECK pwres.7b ..................................... Total Result          0 (         0)
RULECHECK pwres.8 ...................................... Total Result          0 (         0)
RULECHECK rpm.11 ....................................... Total Result          0 (         0)
RULECHECK rpm.2 ........................................ Total Result          0 (         0)
RULECHECK rpm.3 ........................................ Total Result          0 (         0)
RULECHECK rpm.4 ........................................ Total Result          0 (         0)
RULECHECK rpm.5 ........................................ Total Result          0 (         0)
RULECHECK rpm.6 ........................................ Total Result          0 (         0)
RULECHECK rpm.7 ........................................ Total Result          0 (         0)
RULECHECK rpm.8 ........................................ Total Result          0 (         0)
RULECHECK rpm.9 ........................................ Total Result          0 (         0)
RULECHECK tunm.1 ....................................... Total Result          0 (         0)
RULECHECK tunm.2 ....................................... Total Result          0 (         0)
RULECHECK tunm.3 ....................................... Total Result          0 (         0)
RULECHECK tunm.4 ....................................... Total Result          0 (         0)
RULECHECK tunm.5 ....................................... Total Result          0 (         0)
RULECHECK tunm.6a ...................................... Total Result          0 (         0)
RULECHECK tunm.7 ....................................... Total Result          0 (         0)
RULECHECK tunm.8 ....................................... Total Result          0 (         0)
RULECHECK varac.1 ...................................... Total Result          0 (         0)
RULECHECK varac.2 ...................................... Total Result          0 (         0)
RULECHECK varac.3 ...................................... Total Result          0 (         0)
RULECHECK varac.4 ...................................... Total Result          0 (         0)
RULECHECK varac.5 ...................................... Total Result          0 (         0)
RULECHECK varac.7 ...................................... Total Result          0 (         0)
RULECHECK varac.8 ...................................... Total Result          0 (         0)
RULECHECK vhvi.1.- ..................................... Total Result          0 (         0)
RULECHECK vhvi.2.- ..................................... Total Result          0 (         0)
RULECHECK vhvi.3.- ..................................... Total Result          0 (         0)
RULECHECK vhvi.5.- ..................................... Total Result          0 (         0)
RULECHECK vhvi.6.- ..................................... Total Result          0 (         0)
RULECHECK vhvi.7.- ..................................... Total Result          0 (         0)
RULECHECK vhvi.8.- ..................................... Total Result          0 (         0)
RULECHECK via.1a ....................................... Total Result          0 (         0)
RULECHECK via.1b ....................................... Total Result          0 (         0)
RULECHECK via.2 ........................................ Total Result          0 (         0)
RULECHECK via.4a ....................................... Total Result          0 (         0)
RULECHECK via.4b ....................................... Total Result          0 (         0)
RULECHECK via.4c ....................................... Total Result          0 (         0)
RULECHECK via.5a ....................................... Total Result          0 (         0)
RULECHECK via.5b ....................................... Total Result          0 (         0)
RULECHECK via.5c ....................................... Total Result          0 (         0)
RULECHECK via2.1a ...................................... Total Result          0 (         0)
RULECHECK via2.1b ...................................... Total Result          0 (         0)
RULECHECK via2.1c ...................................... Total Result          0 (         0)
RULECHECK via2.1d ...................................... Total Result          0 (         0)
RULECHECK via2.1e ...................................... Total Result          0 (         0)
RULECHECK via2.1f ...................................... Total Result          0 (         0)
RULECHECK via2.2 ....................................... Total Result          0 (         0)
RULECHECK via2.4 ....................................... Total Result          0 (         0)
RULECHECK via2.4a ...................................... Total Result          0 (         0)
RULECHECK via2.5 ....................................... Total Result          0 (         0)
RULECHECK via3.1 ....................................... Total Result          0 (         0)
RULECHECK via3.1a ...................................... Total Result          0 (         0)
RULECHECK via3.2 ....................................... Total Result          0 (         0)
RULECHECK via3.4 ....................................... Total Result          0 (         0)
RULECHECK via3.5 ....................................... Total Result          0 (         0)
RULECHECK via4.1 ....................................... Total Result          0 (         0)
RULECHECK via4.2 ....................................... Total Result          0 (         0)
RULECHECK vpp.1 ........................................ Total Result          0 (         0)
RULECHECK vpp.13 ....................................... Total Result          0 (         0)
RULECHECK vpp.14 ....................................... Total Result          0 (         0)
RULECHECK vpp.1b ....................................... Total Result          0 (         0)
RULECHECK vpp.3 ........................................ Total Result          0 (         0)
RULECHECK vpp.4 ........................................ Total Result          0 (         0)
RULECHECK vpp.5 ........................................ Total Result          0 (         0)
RULECHECK vpp.8 ........................................ Total Result          0 (         0)
RULECHECK vpp.9 ........................................ Total Result          0 (         0)
--------------------------------------------------------------------------------
--- SUMMARY
---
Total CPU Time                    : 3 + 3(s)
Total Real Time (Init + Exec)     : 10(2 + 8)(s)
Total Original Geometry           : 3479 (115199)
Total DRC RuleChecks              : 279
Total DRC Results                 : 9 (257)
